
> frontend@0.0.0 build
> vite build

[36mvite v7.3.1 [32mbuilding client environment for production...[36m[39m
transforming...
[32m✓[39m 2635 modules transformed.
rendering chunks...
computing gzip size...
[2mdist/[22m[32mindex.html                 [39m[1m[2m    0.44 kB[22m[1m[22m[2m │ gzip:   0.30 kB[22m
[2mdist/[22m[35massets/index-DT1sIRSO.css  [39m[1m[2m   32.04 kB[22m[1m[22m[2m │ gzip:   6.96 kB[22m
[2mdist/[22m[36massets/index-CH6U8aVQ.js   [39m[1m[33m2,294.47 kB[39m[22m[2m │ gzip: 670.29 kB[22m
[33m
(!) Some chunks are larger than 500 kB after minification. Consider:
- Using dynamic import() to code-split the application
- Use build.rollupOptions.output.manualChunks to improve chunking: https://rollupjs.org/configuration-options/#output-manualchunks
- Adjust chunk size limit for this warning via build.chunkSizeWarningLimit.[39m
[32m✓ built in 7.92s[39m
